[START] stage=all | base=D:\tadgan_gaf\f_anogan\market_crash-main
[PREP] US1M: wrote D:\tadgan_gaf\f_anogan\market_crash-main\excel\US1M_BOND_COVID200_daily_final2.xlsx | rows=1372 | test=200 | crash_windows=52
[PREP] US30Y: wrote D:\tadgan_gaf\f_anogan\market_crash-main\excel\US30Y_BOND_COVID200_daily_final2.xlsx | rows=1372 | test=200 | crash_windows=52
[PREP] US1M: wrote D:\tadgan_gaf\f_anogan\market_crash-main\excel\US1M_BOND_COVID200_daily_final2.xlsx | rows=1372 | test=200 | crash_windows=52
[PREP] US30Y: wrote D:\tadgan_gaf\f_anogan\market_crash-main\excel\US30Y_BOND_COVID200_daily_final2.xlsx | rows=1372 | test=200 | crash_windows=52
[CNN] device=cuda | output=D:\tadgan_gaf\f_anogan\market_crash-main\bond_1m_30y_compare_e20\cnn_autoencoder
[CNN] run US1M -> D:\tadgan_gaf\f_anogan\market_crash-main\excel\US1M_BOND_COVID200_daily_final2.xlsx
[CNN] US1M_BOND_COVID200_daily_CNN_AE | cosine
[CNN] US1M_BOND_COVID200_daily_CNN_AE | exponential
[CNN] US1M_BOND_COVID200_daily_CNN_AE | arctan
[CNN] US1M_BOND_COVID200_daily_CNN_AE | arccosh
[CNN] run US30Y -> D:\tadgan_gaf\f_anogan\market_crash-main\excel\US30Y_BOND_COVID200_daily_final2.xlsx
[CNN] US30Y_BOND_COVID200_daily_CNN_AE | cosine
[CNN] US30Y_BOND_COVID200_daily_CNN_AE | exponential
[CNN] US30Y_BOND_COVID200_daily_CNN_AE | arctan
[CNN] US30Y_BOND_COVID200_daily_CNN_AE | arccosh
[PREP] US1M: wrote D:\tadgan_gaf\f_anogan\market_crash-main\excel\US1M_BOND_COVID200_daily_final2.xlsx | rows=1372 | test=200 | crash_windows=52
[PREP] US30Y: wrote D:\tadgan_gaf\f_anogan\market_crash-main\excel\US30Y_BOND_COVID200_daily_final2.xlsx | rows=1372 | test=200 | crash_windows=52
[INFO] Device: cuda
[FANOGAN] device/module loaded | output=D:\tadgan_gaf\f_anogan\market_crash-main\bond_1m_30y_compare_e20\standalone_fanogan
[FANOGAN] run US1M -> D:\tadgan_gaf\f_anogan\market_crash-main\excel\US1M_BOND_COVID200_daily_final2.xlsx

==========================================================================================
[STOCK] US1M_BOND_COVID200_daily | file=D:\tadgan_gaf\f_anogan\market_crash-main\excel\US1M_BOND_COVID200_daily_final2.xlsx | n_prices=1372
==========================================================================================

[RUN] US1M_BOND_COVID200_daily | method=cosine
    [DATA] windows total=1341 | train_normal=1141 | test=200 | crash_in_test=52 | normal_in_test=148
    [SPLIT] train_end=2019-12-30 | test_start=2020-01-02 | test_end=2020-10-27
    [PREP] EXPORT_SAMPLE_GAF=0 so input GAF JPG export is skipped.
    [RUN] Starting f-AnoGAN training ...
    [GAN] epoch 001/20 D=-5.5521 G=4.6575
    [GAN] epoch 002/20 D=-13.9605 G=9.7824
    [GAN] epoch 003/20 D=-14.2175 G=9.4793
    [GAN] epoch 004/20 D=-11.6266 G=5.9252
    [GAN] epoch 005/20 D=-5.7222 G=1.4933
    [GAN] epoch 006/20 D=0.0336 G=6.5199
    [GAN] epoch 007/20 D=0.0001 G=2.8874
    [GAN] epoch 008/20 D=-0.3694 G=2.4051
    [GAN] epoch 009/20 D=-0.3393 G=2.4008
    [GAN] epoch 010/20 D=0.0063 G=2.7364
    [GAN] epoch 011/20 D=0.1785 G=2.1443
    [GAN] epoch 012/20 D=-0.1932 G=-1.3168
    [GAN] epoch 013/20 D=-0.2011 G=0.3178
    [GAN] epoch 014/20 D=-0.1258 G=-2.2168
    [GAN] epoch 015/20 D=-0.2930 G=-5.0439
    [GAN] epoch 016/20 D=-0.3375 G=-4.4383
    [GAN] epoch 017/20 D=-0.3691 G=-5.5182
    [GAN] epoch 018/20 D=-0.4467 G=-5.9564
    [GAN] epoch 019/20 D=-0.4572 G=-6.6532
    [GAN] epoch 020/20 D=-0.4615 G=-3.8466
    [ENC] epoch 001/20 loss=0.151037
    [ENC] epoch 002/20 loss=0.103108
    [ENC] epoch 003/20 loss=0.087904
    [ENC] epoch 004/20 loss=0.084841
    [ENC] epoch 005/20 loss=0.078755
    [ENC] epoch 006/20 loss=0.077100
    [ENC] epoch 007/20 loss=0.076000
    [ENC] epoch 008/20 loss=0.074521
    [ENC] epoch 009/20 loss=0.071607
    [ENC] epoch 010/20 loss=0.069649
    [ENC] epoch 011/20 loss=0.068312
    [ENC] epoch 012/20 loss=0.068532
    [ENC] epoch 013/20 loss=0.068692
    [ENC] epoch 014/20 loss=0.067422
    [ENC] epoch 015/20 loss=0.067215
    [ENC] epoch 016/20 loss=0.066230
    [ENC] epoch 017/20 loss=0.066406
    [ENC] epoch 018/20 loss=0.066004
    [ENC] epoch 019/20 loss=0.066486
    [ENC] epoch 020/20 loss=0.064512
    [RESULT] acc=0.6750 precision=0.2759 recall=0.1538 f1=0.1975 auc=0.5300
    [TIME] cosine took 0.80 min

[RUN] US1M_BOND_COVID200_daily | method=exponential
    [DATA] windows total=1341 | train_normal=1141 | test=200 | crash_in_test=52 | normal_in_test=148
    [SPLIT] train_end=2019-12-30 | test_start=2020-01-02 | test_end=2020-10-27
    [PREP] EXPORT_SAMPLE_GAF=0 so input GAF JPG export is skipped.
    [RUN] Starting f-AnoGAN training ...
    [GAN] epoch 001/20 D=-8.0418 G=2.6484
    [GAN] epoch 002/20 D=-9.8395 G=9.2770
    [GAN] epoch 003/20 D=-8.4571 G=6.2379
    [GAN] epoch 004/20 D=-8.2884 G=4.2472
    [GAN] epoch 005/20 D=-8.4426 G=2.6703
    [GAN] epoch 006/20 D=-7.7554 G=1.1596
    [GAN] epoch 007/20 D=-7.8159 G=0.8813
    [GAN] epoch 008/20 D=-7.9662 G=1.1780
    [GAN] epoch 009/20 D=-8.0363 G=0.9169
    [GAN] epoch 010/20 D=-8.0363 G=1.3578
    [GAN] epoch 011/20 D=-8.1110 G=0.8751
    [GAN] epoch 012/20 D=-8.0921 G=1.6069
    [GAN] epoch 013/20 D=-8.0220 G=2.0070
    [GAN] epoch 014/20 D=-8.0893 G=1.7801
    [GAN] epoch 015/20 D=-8.0781 G=2.2584
    [GAN] epoch 016/20 D=-8.0563 G=2.1244
    [GAN] epoch 017/20 D=-8.0947 G=3.1477
    [GAN] epoch 018/20 D=-8.0849 G=2.6882
    [GAN] epoch 019/20 D=-8.0267 G=2.8458
    [GAN] epoch 020/20 D=-8.0052 G=3.2922
    [ENC] epoch 001/20 loss=0.294464
    [ENC] epoch 002/20 loss=0.213945
    [ENC] epoch 003/20 loss=0.191222
    [ENC] epoch 004/20 loss=0.182647
    [ENC] epoch 005/20 loss=0.174637
    [ENC] epoch 006/20 loss=0.173054
    [ENC] epoch 007/20 loss=0.170178
    [ENC] epoch 008/20 loss=0.166887
    [ENC] epoch 009/20 loss=0.168656
    [ENC] epoch 010/20 loss=0.163963
    [ENC] epoch 011/20 loss=0.161289
    [ENC] epoch 012/20 loss=0.162669
    [ENC] epoch 013/20 loss=0.158185
    [ENC] epoch 014/20 loss=0.158606
    [ENC] epoch 015/20 loss=0.157686
    [ENC] epoch 016/20 loss=0.156381
    [ENC] epoch 017/20 loss=0.156653
    [ENC] epoch 018/20 loss=0.157510
    [ENC] epoch 019/20 loss=0.155940
    [ENC] epoch 020/20 loss=0.153589
    [RESULT] acc=0.6850 precision=0.3226 recall=0.1923 f1=0.2410 auc=0.4388
    [TIME] exponential took 1.29 min

[RUN] US1M_BOND_COVID200_daily | method=arctan
    [DATA] windows total=1341 | train_normal=1141 | test=200 | crash_in_test=52 | normal_in_test=148
    [SPLIT] train_end=2019-12-30 | test_start=2020-01-02 | test_end=2020-10-27
    [PREP] EXPORT_SAMPLE_GAF=0 so input GAF JPG export is skipped.
    [RUN] Starting f-AnoGAN training ...
    [GAN] epoch 001/20 D=-5.0534 G=6.2593
    [GAN] epoch 002/20 D=-16.1373 G=18.5512
    [GAN] epoch 003/20 D=-15.8784 G=13.8335
    [GAN] epoch 004/20 D=-15.0957 G=10.6254
    [GAN] epoch 005/20 D=-7.2628 G=4.6493
    [GAN] epoch 006/20 D=-2.8708 G=5.9017
    [GAN] epoch 007/20 D=-2.4961 G=7.8162
    [GAN] epoch 008/20 D=-1.0030 G=1.9072
    [GAN] epoch 009/20 D=-0.0026 G=2.1674
    [GAN] epoch 010/20 D=0.1146 G=2.5232
    [GAN] epoch 011/20 D=-0.1343 G=6.5373
    [GAN] epoch 012/20 D=-0.1354 G=9.4453
    [GAN] epoch 013/20 D=-0.0979 G=9.0894
    [GAN] epoch 014/20 D=-0.0514 G=7.2171
    [GAN] epoch 015/20 D=-0.0601 G=6.1862
    [GAN] epoch 016/20 D=-0.0481 G=5.9076
    [GAN] epoch 017/20 D=-0.0698 G=6.9332
    [GAN] epoch 018/20 D=0.0139 G=7.6802
    [GAN] epoch 019/20 D=-0.0161 G=7.1240
    [GAN] epoch 020/20 D=-0.0116 G=7.5117
    [ENC] epoch 001/20 loss=0.036711
    [ENC] epoch 002/20 loss=0.027084
    [ENC] epoch 003/20 loss=0.017240
    [ENC] epoch 004/20 loss=0.014127
    [ENC] epoch 005/20 loss=0.013493
    [ENC] epoch 006/20 loss=0.012766
    [ENC] epoch 007/20 loss=0.011356
    [ENC] epoch 008/20 loss=0.012308
    [ENC] epoch 009/20 loss=0.011204
    [ENC] epoch 010/20 loss=0.011240
    [ENC] epoch 011/20 loss=0.010266
    [ENC] epoch 012/20 loss=0.010442
    [ENC] epoch 013/20 loss=0.010678
    [ENC] epoch 014/20 loss=0.009701
    [ENC] epoch 015/20 loss=0.009954
    [ENC] epoch 016/20 loss=0.009960
    [ENC] epoch 017/20 loss=0.009555
    [ENC] epoch 018/20 loss=0.009272
    [ENC] epoch 019/20 loss=0.009126
    [ENC] epoch 020/20 loss=0.009376
    [RESULT] acc=0.7300 precision=0.4000 recall=0.0769 f1=0.1290 auc=0.6914
    [TIME] arctan took 1.31 min

[RUN] US1M_BOND_COVID200_daily | method=arccosh
    [DATA] windows total=1341 | train_normal=1141 | test=200 | crash_in_test=52 | normal_in_test=148
    [SPLIT] train_end=2019-12-30 | test_start=2020-01-02 | test_end=2020-10-27
    [PREP] EXPORT_SAMPLE_GAF=0 so input GAF JPG export is skipped.
    [RUN] Starting f-AnoGAN training ...
    [GAN] epoch 001/20 D=-0.2553 G=3.2045
    [GAN] epoch 002/20 D=-11.1663 G=14.5342
    [GAN] epoch 003/20 D=-8.1701 G=9.0867
    [GAN] epoch 004/20 D=-7.6415 G=4.8726
    [GAN] epoch 005/20 D=-5.6168 G=3.0755
    [GAN] epoch 006/20 D=-2.7198 G=0.9294
    [GAN] epoch 007/20 D=-0.7058 G=0.6071
    [GAN] epoch 008/20 D=-0.4527 G=-0.4205
    [GAN] epoch 009/20 D=-0.5274 G=-0.2802
    [GAN] epoch 010/20 D=-0.5425 G=-1.1766
    [GAN] epoch 011/20 D=-0.2096 G=0.0748
    [GAN] epoch 012/20 D=-0.2548 G=0.5386
    [GAN] epoch 013/20 D=-0.2747 G=-0.9679
    [GAN] epoch 014/20 D=-0.1858 G=-0.6035
    [GAN] epoch 015/20 D=-0.2309 G=-1.0191
    [GAN] epoch 016/20 D=-0.3634 G=-1.4217
    [GAN] epoch 017/20 D=-0.3216 G=-0.3811
    [GAN] epoch 018/20 D=-0.4001 G=-1.4990
    [GAN] epoch 019/20 D=-0.4135 G=-1.9970
    [GAN] epoch 020/20 D=-0.4043 G=-1.5544
    [ENC] epoch 001/20 loss=0.098821
    [ENC] epoch 002/20 loss=0.053723
    [ENC] epoch 003/20 loss=0.041419
    [ENC] epoch 004/20 loss=0.038944
    [ENC] epoch 005/20 loss=0.035621
    [ENC] epoch 006/20 loss=0.033776
    [ENC] epoch 007/20 loss=0.036229
    [ENC] epoch 008/20 loss=0.032426
    [ENC] epoch 009/20 loss=0.030953
    [ENC] epoch 010/20 loss=0.029314
    [ENC] epoch 011/20 loss=0.030092
    [ENC] epoch 012/20 loss=0.029005
    [ENC] epoch 013/20 loss=0.028745
    [ENC] epoch 014/20 loss=0.029330
    [ENC] epoch 015/20 loss=0.027913
    [ENC] epoch 016/20 loss=0.027496
    [ENC] epoch 017/20 loss=0.027314
    [ENC] epoch 018/20 loss=0.027465
    [ENC] epoch 019/20 loss=0.027346
    [ENC] epoch 020/20 loss=0.026612
    [RESULT] acc=0.6200 precision=0.0385 recall=0.0192 f1=0.0256 auc=0.3321
    [TIME] arccosh took 1.30 min
[FANOGAN] run US30Y -> D:\tadgan_gaf\f_anogan\market_crash-main\excel\US30Y_BOND_COVID200_daily_final2.xlsx

==========================================================================================
[STOCK] US30Y_BOND_COVID200_daily | file=D:\tadgan_gaf\f_anogan\market_crash-main\excel\US30Y_BOND_COVID200_daily_final2.xlsx | n_prices=1372
==========================================================================================

[RUN] US30Y_BOND_COVID200_daily | method=cosine
    [DATA] windows total=1341 | train_normal=1141 | test=200 | crash_in_test=52 | normal_in_test=148
    [SPLIT] train_end=2019-12-30 | test_start=2020-01-02 | test_end=2020-10-27
    [PREP] EXPORT_SAMPLE_GAF=0 so input GAF JPG export is skipped.
    [RUN] Starting f-AnoGAN training ...
    [GAN] epoch 001/20 D=-1.5404 G=1.7668
    [GAN] epoch 002/20 D=-10.1277 G=9.1100
    [GAN] epoch 003/20 D=-4.9461 G=8.7364
    [GAN] epoch 004/20 D=-4.9472 G=2.3291
    [GAN] epoch 005/20 D=-2.2365 G=0.5694
    [GAN] epoch 006/20 D=0.1375 G=0.7953
    [GAN] epoch 007/20 D=-0.4429 G=-1.1493
    [GAN] epoch 008/20 D=-0.5049 G=-0.5050
    [GAN] epoch 009/20 D=-0.6178 G=-2.9640
    [GAN] epoch 010/20 D=-0.5715 G=-4.2289
    [GAN] epoch 011/20 D=-0.3511 G=-3.5349
    [GAN] epoch 012/20 D=-0.5098 G=-5.0032
    [GAN] epoch 013/20 D=-0.6106 G=-2.8174
    [GAN] epoch 014/20 D=-0.5244 G=-3.4724
    [GAN] epoch 015/20 D=-0.6617 G=-4.2561
    [GAN] epoch 016/20 D=-0.7255 G=-3.7555
    [GAN] epoch 017/20 D=-0.7972 G=-3.7158
    [GAN] epoch 018/20 D=-0.8521 G=-4.4843
    [GAN] epoch 019/20 D=-0.8873 G=-3.2330
    [GAN] epoch 020/20 D=-0.8313 G=-2.7529
    [ENC] epoch 001/20 loss=0.176830
    [ENC] epoch 002/20 loss=0.122174
    [ENC] epoch 003/20 loss=0.111796
    [ENC] epoch 004/20 loss=0.103500
    [ENC] epoch 005/20 loss=0.099099
    [ENC] epoch 006/20 loss=0.095414
    [ENC] epoch 007/20 loss=0.094280
    [ENC] epoch 008/20 loss=0.089063
    [ENC] epoch 009/20 loss=0.088135
    [ENC] epoch 010/20 loss=0.086547
    [ENC] epoch 011/20 loss=0.085601
    [ENC] epoch 012/20 loss=0.083977
    [ENC] epoch 013/20 loss=0.084128
    [ENC] epoch 014/20 loss=0.083583
    [ENC] epoch 015/20 loss=0.081265
    [ENC] epoch 016/20 loss=0.080597
    [ENC] epoch 017/20 loss=0.081227
    [ENC] epoch 018/20 loss=0.080084
    [ENC] epoch 019/20 loss=0.078693
    [ENC] epoch 020/20 loss=0.080651
    [RESULT] acc=0.6950 precision=0.0000 recall=0.0000 f1=0.0000 auc=0.2678
    [TIME] cosine took 1.31 min

[RUN] US30Y_BOND_COVID200_daily | method=exponential
    [DATA] windows total=1341 | train_normal=1141 | test=200 | crash_in_test=52 | normal_in_test=148
    [SPLIT] train_end=2019-12-30 | test_start=2020-01-02 | test_end=2020-10-27
    [PREP] EXPORT_SAMPLE_GAF=0 so input GAF JPG export is skipped.
    [RUN] Starting f-AnoGAN training ...
    [GAN] epoch 001/20 D=-5.7279 G=5.0045
    [GAN] epoch 002/20 D=-11.9246 G=11.2300
    [GAN] epoch 003/20 D=-10.1777 G=8.4678
    [GAN] epoch 004/20 D=-9.9555 G=6.6462
    [GAN] epoch 005/20 D=-10.0585 G=6.7732
    [GAN] epoch 006/20 D=-10.1395 G=6.1143
    [GAN] epoch 007/20 D=-10.1223 G=6.2118
    [GAN] epoch 008/20 D=-8.8948 G=5.3367
    [GAN] epoch 009/20 D=-8.8706 G=4.7895
    [GAN] epoch 010/20 D=-8.8839 G=4.7795
    [GAN] epoch 011/20 D=-8.8406 G=5.4186
    [GAN] epoch 012/20 D=-8.9428 G=5.6044
    [GAN] epoch 013/20 D=-8.8343 G=5.3095
    [GAN] epoch 014/20 D=-8.8389 G=5.6882
    [GAN] epoch 015/20 D=-8.8485 G=5.7488
    [GAN] epoch 016/20 D=-8.8717 G=5.4952
    [GAN] epoch 017/20 D=-8.8151 G=5.3803
    [GAN] epoch 018/20 D=-8.8450 G=5.0739
    [GAN] epoch 019/20 D=-8.7949 G=5.5570
    [GAN] epoch 020/20 D=-8.8041 G=5.4296
    [ENC] epoch 001/20 loss=0.341898
    [ENC] epoch 002/20 loss=0.258722
    [ENC] epoch 003/20 loss=0.242420
    [ENC] epoch 004/20 loss=0.233929
    [ENC] epoch 005/20 loss=0.225953
    [ENC] epoch 006/20 loss=0.221712
    [ENC] epoch 007/20 loss=0.221465
    [ENC] epoch 008/20 loss=0.216704
    [ENC] epoch 009/20 loss=0.214069
    [ENC] epoch 010/20 loss=0.210818
    [ENC] epoch 011/20 loss=0.212154
    [ENC] epoch 012/20 loss=0.208256
    [ENC] epoch 013/20 loss=0.207915
    [ENC] epoch 014/20 loss=0.207618
    [ENC] epoch 015/20 loss=0.204041
    [ENC] epoch 016/20 loss=0.205077
    [ENC] epoch 017/20 loss=0.204297
    [ENC] epoch 018/20 loss=0.202588
    [ENC] epoch 019/20 loss=0.204378
    [ENC] epoch 020/20 loss=0.204542
    [RESULT] acc=0.6700 precision=0.0000 recall=0.0000 f1=0.0000 auc=0.3377
    [TIME] exponential took 1.31 min

[RUN] US30Y_BOND_COVID200_daily | method=arctan
    [DATA] windows total=1341 | train_normal=1141 | test=200 | crash_in_test=52 | normal_in_test=148
    [SPLIT] train_end=2019-12-30 | test_start=2020-01-02 | test_end=2020-10-27
    [PREP] EXPORT_SAMPLE_GAF=0 so input GAF JPG export is skipped.
    [RUN] Starting f-AnoGAN training ...
    [GAN] epoch 001/20 D=-14.2502 G=11.0939
    [GAN] epoch 002/20 D=-23.6566 G=24.4146
    [GAN] epoch 003/20 D=-21.0511 G=19.9370
    [GAN] epoch 004/20 D=-18.1746 G=14.3784
    [GAN] epoch 005/20 D=-8.2246 G=4.7352
    [GAN] epoch 006/20 D=-4.0894 G=7.4384
    [GAN] epoch 007/20 D=-3.5622 G=10.5460
    [GAN] epoch 008/20 D=-3.4680 G=6.3029
    [GAN] epoch 009/20 D=-3.1036 G=2.8172
    [GAN] epoch 010/20 D=-2.8900 G=0.1451
    [GAN] epoch 011/20 D=-2.6101 G=-2.4836
    [GAN] epoch 012/20 D=-1.4077 G=-4.2055
    [GAN] epoch 013/20 D=-0.6045 G=-4.6325
    [GAN] epoch 014/20 D=-0.4574 G=-4.4321
    [GAN] epoch 015/20 D=-0.2914 G=-3.4553
    [GAN] epoch 016/20 D=-0.0616 G=-5.7687
    [GAN] epoch 017/20 D=-0.2123 G=-4.1380
    [GAN] epoch 018/20 D=-0.2551 G=-2.5912
    [GAN] epoch 019/20 D=-0.1727 G=-2.6851
    [GAN] epoch 020/20 D=-0.3057 G=-3.0602
    [ENC] epoch 001/20 loss=0.055473
    [ENC] epoch 002/20 loss=0.032847
    [ENC] epoch 003/20 loss=0.024791
    [ENC] epoch 004/20 loss=0.025416
    [ENC] epoch 005/20 loss=0.023778
    [ENC] epoch 006/20 loss=0.021289
    [ENC] epoch 007/20 loss=0.020426
    [ENC] epoch 008/20 loss=0.019105
    [ENC] epoch 009/20 loss=0.019188
    [ENC] epoch 010/20 loss=0.020141
    [ENC] epoch 011/20 loss=0.018856
    [ENC] epoch 012/20 loss=0.018144
    [ENC] epoch 013/20 loss=0.017570
    [ENC] epoch 014/20 loss=0.017887
    [ENC] epoch 015/20 loss=0.017804
    [ENC] epoch 016/20 loss=0.018816
    [ENC] epoch 017/20 loss=0.018215
    [ENC] epoch 018/20 loss=0.017569
    [ENC] epoch 019/20 loss=0.018516
    [ENC] epoch 020/20 loss=0.017548
    [RESULT] acc=0.7100 precision=0.0000 recall=0.0000 f1=0.0000 auc=0.3853
    [TIME] arctan took 1.31 min

[RUN] US30Y_BOND_COVID200_daily | method=arccosh
    [DATA] windows total=1341 | train_normal=1141 | test=200 | crash_in_test=52 | normal_in_test=148
    [SPLIT] train_end=2019-12-30 | test_start=2020-01-02 | test_end=2020-10-27
    [PREP] EXPORT_SAMPLE_GAF=0 so input GAF JPG export is skipped.
    [RUN] Starting f-AnoGAN training ...
    [GAN] epoch 001/20 D=4.8450 G=-1.8118
    [GAN] epoch 002/20 D=-12.5733 G=13.9623
    [GAN] epoch 003/20 D=-6.5492 G=10.1876
    [GAN] epoch 004/20 D=-1.6880 G=1.5379
    [GAN] epoch 005/20 D=-2.0337 G=-2.4449
    [GAN] epoch 006/20 D=-1.3069 G=-2.8877
    [GAN] epoch 007/20 D=-1.2227 G=-2.8741
    [GAN] epoch 008/20 D=-1.1303 G=-2.7804
    [GAN] epoch 009/20 D=-1.0913 G=-2.8411
    [GAN] epoch 010/20 D=-0.7950 G=-2.2878
    [GAN] epoch 011/20 D=-0.7912 G=-2.6036
    [GAN] epoch 012/20 D=-0.9040 G=-3.0710
    [GAN] epoch 013/20 D=-0.8519 G=-3.8032
    [GAN] epoch 014/20 D=-0.9002 G=-3.9187
    [GAN] epoch 015/20 D=-0.8997 G=-4.5206
    [GAN] epoch 016/20 D=-0.8999 G=-3.9885
    [GAN] epoch 017/20 D=-0.8385 G=-4.3009
    [GAN] epoch 018/20 D=-0.9469 G=-5.0756
    [GAN] epoch 019/20 D=-0.8029 G=-4.6364
    [GAN] epoch 020/20 D=-0.9468 G=-4.8447
    [ENC] epoch 001/20 loss=0.102706
    [ENC] epoch 002/20 loss=0.059936
    [ENC] epoch 003/20 loss=0.051425
    [ENC] epoch 004/20 loss=0.049226
    [ENC] epoch 005/20 loss=0.044024
    [ENC] epoch 006/20 loss=0.042746
    [ENC] epoch 007/20 loss=0.041182
    [ENC] epoch 008/20 loss=0.040063
    [ENC] epoch 009/20 loss=0.039790
    [ENC] epoch 010/20 loss=0.038716
    [ENC] epoch 011/20 loss=0.036185
    [ENC] epoch 012/20 loss=0.036127
    [ENC] epoch 013/20 loss=0.035352
    [ENC] epoch 014/20 loss=0.034683
    [ENC] epoch 015/20 loss=0.035942
    [ENC] epoch 016/20 loss=0.035132
    [ENC] epoch 017/20 loss=0.034310
    [ENC] epoch 018/20 loss=0.034010
    [ENC] epoch 019/20 loss=0.034311
    [ENC] epoch 020/20 loss=0.033176
    [RESULT] acc=0.7350 precision=0.0000 recall=0.0000 f1=0.0000 auc=0.3400
    [TIME] arccosh took 1.32 min
[PREP] US1M: wrote D:\tadgan_gaf\f_anogan\market_crash-main\excel\US1M_BOND_COVID200_daily_final2.xlsx | rows=1372 | test=200 | crash_windows=52
[PREP] US30Y: wrote D:\tadgan_gaf\f_anogan\market_crash-main\excel\US30Y_BOND_COVID200_daily_final2.xlsx | rows=1372 | test=200 | crash_windows=52
[INFO] device=cuda
[INFO] QUICK=0 | FORECAST_DAYS=200 | WINDOW_SIZE=32 | N_EPOCHS_GAN=20 | N_EPOCHS_ENC=20 | FC_EPOCHS=50 | TADGAN_EPOCHS=20
[HYBRID] batch run -> input=D:\tadgan_gaf\f_anogan\market_crash-main\eurusd_1day\excel_hybrid_bond_1m30y | output=D:\tadgan_gaf\f_anogan\market_crash-main\bond_1m_30y_compare_e20\hybrid
[MAIN] OUT_ROOT=D:\tadgan_gaf\f_anogan\market_crash-main\bond_1m_30y_compare_e20\hybrid | n_stocks=2 | EXCEL_DIR=D:\tadgan_gaf\f_anogan\market_crash-main\eurusd_1day\excel_hybrid_bond_1m30y | BATCH_SUFFIX=_final2.xlsx
  [1/2] D:\tadgan_gaf\f_anogan\market_crash-main\eurusd_1day\excel_hybrid_bond_1m30y\US1M_BOND_COVID200_daily_final2.xlsx
  [2/2] D:\tadgan_gaf\f_anogan\market_crash-main\eurusd_1day\excel_hybrid_bond_1m30y\US30Y_BOND_COVID200_daily_final2.xlsx

==================== STOCK: US1M_BOND_COVID200_daily ====================
[STOCK] excel=D:\tadgan_gaf\f_anogan\market_crash-main\eurusd_1day\excel_hybrid_bond_1m30y\US1M_BOND_COVID200_daily_final2.xlsx -> D:\tadgan_gaf\f_anogan\market_crash-main\bond_1m_30y_compare_e20\hybrid\US1M_BOND_COVID200_daily
[DATA] prices=1372 | first=2015-05-06T00:00:00.000000000 | last=2020-12-14T00:00:00.000000000
  [TADGAN] preparing scores (1372 raw prices)
  [TADGAN] scores=1273 | anomaly_windows=108 | normal_windows=1165
  [FC] epoch 001/50 train=0.08198 val=9.66795
  [FC] epoch 002/50 train=0.04229 val=8.39028
  [FC] epoch 003/50 train=0.01838 val=7.53317
  [FC] epoch 004/50 train=0.00909 val=6.96969
  [FC] epoch 005/50 train=0.00603 val=6.32721
  [FC] epoch 006/50 train=0.00495 val=5.59432
  [FC] epoch 007/50 train=0.00423 val=4.71214
  [FC] epoch 008/50 train=0.00369 val=3.98652
  [FC] epoch 009/50 train=0.00319 val=3.28687
  [FC] epoch 010/50 train=0.00277 val=2.77894
  [FC] epoch 011/50 train=0.00236 val=2.43758
  [FC] epoch 012/50 train=0.00192 val=1.92673
  [FC] epoch 013/50 train=0.00160 val=1.66614
  [FC] epoch 014/50 train=0.00149 val=1.32418
  [FC] epoch 015/50 train=0.00134 val=1.10425
  [FC] epoch 016/50 train=0.00139 val=0.92124
  [FC] epoch 017/50 train=0.00120 val=0.83777
  [FC] epoch 018/50 train=0.00125 val=0.75589
  [FC] epoch 019/50 train=0.00113 val=0.70325
  [FC] epoch 020/50 train=0.00116 val=0.62431
  [FC] epoch 021/50 train=0.00115 val=0.60872
  [FC] epoch 022/50 train=0.00119 val=0.57122
  [FC] epoch 023/50 train=0.00121 val=0.55383
  [FC] epoch 024/50 train=0.00118 val=0.53099
  [FC] epoch 025/50 train=0.00110 val=0.45763
  [FC] epoch 026/50 train=0.00112 val=0.45769
  [FC] epoch 027/50 train=0.00101 val=0.44286
  [FC] epoch 028/50 train=0.00102 val=0.43146
  [FC] epoch 029/50 train=0.00097 val=0.40106
  [FC] epoch 030/50 train=0.00102 val=0.38614
  [FC] epoch 031/50 train=0.00103 val=0.36792
  [FC] epoch 032/50 train=0.00098 val=0.35252
  [FC] epoch 033/50 train=0.00103 val=0.33456
  [FC] epoch 034/50 train=0.00099 val=0.32341
  [FC] epoch 035/50 train=0.00091 val=0.32463
  [FC] epoch 036/50 train=0.00093 val=0.31065
  [FC] epoch 037/50 train=0.00091 val=0.29276
  [FC] epoch 038/50 train=0.00086 val=0.29628
  [FC] epoch 039/50 train=0.00083 val=0.28800
  [FC] epoch 040/50 train=0.00089 val=0.28895
  [FC] epoch 041/50 train=0.00086 val=0.27384
  [FC] epoch 042/50 train=0.00084 val=0.26706
  [FC] epoch 043/50 train=0.00083 val=0.26138
  [FC] epoch 044/50 train=0.00090 val=0.25432
  [FC] epoch 045/50 train=0.00081 val=0.25184
  [FC] epoch 046/50 train=0.00080 val=0.24673
  [FC] epoch 047/50 train=0.00083 val=0.24195
  [FC] epoch 048/50 train=0.00075 val=0.24133
  [FC] epoch 049/50 train=0.00074 val=0.23846
  [FC] epoch 050/50 train=0.00072 val=0.23506
  [METHOD] cosine
    [SPLIT] train=1042 | backtest=200 | backtest_anomalies=92
    [DATA] train_total=1042 | normal_used=1042 | backtest_windows=200
    [GAN] epoch 001/20 D=0.5306 G=-1.3940
    [GAN] epoch 002/20 D=-8.7083 G=5.8112
    [GAN] epoch 003/20 D=-6.5844 G=4.2844
    [GAN] epoch 004/20 D=-7.0142 G=3.0199
    [GAN] epoch 005/20 D=-6.9947 G=2.0927
    [GAN] epoch 006/20 D=-4.3691 G=1.1282
    [GAN] epoch 007/20 D=0.4335 G=-2.9294
    [GAN] epoch 008/20 D=0.8035 G=1.3342
    [GAN] epoch 009/20 D=1.3098 G=-1.1804
    [GAN] epoch 010/20 D=0.8397 G=-0.7044
    [GAN] epoch 011/20 D=0.6970 G=-0.1671
    [GAN] epoch 012/20 D=0.4779 G=0.3882
    [GAN] epoch 013/20 D=0.4064 G=0.4598
    [GAN] epoch 014/20 D=0.2116 G=0.5265
    [GAN] epoch 015/20 D=0.8257 G=-3.1620
    [GAN] epoch 016/20 D=-0.5406 G=-6.0641
    [GAN] epoch 017/20 D=-0.7695 G=-8.4326
    [GAN] epoch 018/20 D=-0.8087 G=-8.6045
    [GAN] epoch 019/20 D=-0.8744 G=-7.8220
    [GAN] epoch 020/20 D=-0.7988 G=-7.2734
    [ENC] epoch 001/20 loss=0.136864
    [ENC] epoch 002/20 loss=0.094348
    [ENC] epoch 003/20 loss=0.088951
    [ENC] epoch 004/20 loss=0.082234
    [ENC] epoch 005/20 loss=0.077807
    [ENC] epoch 006/20 loss=0.076912
    [ENC] epoch 007/20 loss=0.076014
    [ENC] epoch 008/20 loss=0.073836
    [ENC] epoch 009/20 loss=0.074899
    [ENC] epoch 010/20 loss=0.072664
    [ENC] epoch 011/20 loss=0.071321
    [ENC] epoch 012/20 loss=0.069833
    [ENC] epoch 013/20 loss=0.069874
    [ENC] epoch 014/20 loss=0.070178
    [ENC] epoch 015/20 loss=0.070724
    [ENC] epoch 016/20 loss=0.068776
    [ENC] epoch 017/20 loss=0.068082
    [ENC] epoch 018/20 loss=0.067778
    [ENC] epoch 019/20 loss=0.067752
    [ENC] epoch 020/20 loss=0.067855
  [METHOD] exponential
    [SPLIT] train=1042 | backtest=200 | backtest_anomalies=92
    [DATA] train_total=1042 | normal_used=1042 | backtest_windows=200
    [GAN] epoch 001/20 D=-3.8118 G=3.7701
    [GAN] epoch 002/20 D=-12.0697 G=12.6296
    [GAN] epoch 003/20 D=-2.6945 G=8.6230
    [GAN] epoch 004/20 D=-1.4282 G=-1.0054
    [GAN] epoch 005/20 D=-1.2757 G=-4.6165
    [GAN] epoch 006/20 D=-1.0072 G=-6.5620
    [GAN] epoch 007/20 D=-0.8558 G=-3.7325
    [GAN] epoch 008/20 D=-0.7074 G=-2.4396
    [GAN] epoch 009/20 D=-0.5933 G=-3.0288
    [GAN] epoch 010/20 D=-0.5655 G=-1.1440
    [GAN] epoch 011/20 D=-0.5133 G=-2.0643
    [GAN] epoch 012/20 D=-0.5362 G=-2.2824
    [GAN] epoch 013/20 D=-0.4506 G=-1.1936
    [GAN] epoch 014/20 D=-0.5187 G=-2.5788
    [GAN] epoch 015/20 D=-0.4748 G=-1.4287
    [GAN] epoch 016/20 D=-0.6089 G=-1.8991
    [GAN] epoch 017/20 D=-0.4787 G=-1.4521
    [GAN] epoch 018/20 D=-0.4854 G=-1.5679
    [GAN] epoch 019/20 D=-0.5054 G=-1.4936
    [GAN] epoch 020/20 D=-0.5420 G=-2.0396
    [ENC] epoch 001/20 loss=0.151951
    [ENC] epoch 002/20 loss=0.094896
    [ENC] epoch 003/20 loss=0.062806
    [ENC] epoch 004/20 loss=0.058600
    [ENC] epoch 005/20 loss=0.054185
    [ENC] epoch 006/20 loss=0.052692
    [ENC] epoch 007/20 loss=0.047747
    [ENC] epoch 008/20 loss=0.048128
    [ENC] epoch 009/20 loss=0.042665
    [ENC] epoch 010/20 loss=0.042540
    [ENC] epoch 011/20 loss=0.045405
    [ENC] epoch 012/20 loss=0.041920
    [ENC] epoch 013/20 loss=0.039970
    [ENC] epoch 014/20 loss=0.042081
    [ENC] epoch 015/20 loss=0.037649
    [ENC] epoch 016/20 loss=0.037334
    [ENC] epoch 017/20 loss=0.036030
    [ENC] epoch 018/20 loss=0.036289
    [ENC] epoch 019/20 loss=0.035199
    [ENC] epoch 020/20 loss=0.034901
  [METHOD] arctan
    [SPLIT] train=1042 | backtest=200 | backtest_anomalies=92
    [DATA] train_total=1042 | normal_used=1042 | backtest_windows=200
    [GAN] epoch 001/20 D=-6.9303 G=2.9578
    [GAN] epoch 002/20 D=-16.5328 G=13.1704
    [GAN] epoch 003/20 D=-16.0122 G=11.6736
    [GAN] epoch 004/20 D=-13.8279 G=9.2921
    [GAN] epoch 005/20 D=-13.1200 G=9.2419
    [GAN] epoch 006/20 D=-12.2534 G=7.9380
    [GAN] epoch 007/20 D=-4.7279 G=1.0802
    [GAN] epoch 008/20 D=0.5606 G=-0.5251
    [GAN] epoch 009/20 D=0.0014 G=-0.5065
    [GAN] epoch 010/20 D=0.7912 G=0.1098
    [GAN] epoch 011/20 D=0.7073 G=-1.0580
    [GAN] epoch 012/20 D=0.3372 G=-0.5656
    [GAN] epoch 013/20 D=0.2606 G=-0.6441
    [GAN] epoch 014/20 D=0.2014 G=-0.4619
    [GAN] epoch 015/20 D=0.1679 G=-0.3314
    [GAN] epoch 016/20 D=0.1663 G=-0.5360
    [GAN] epoch 017/20 D=0.1505 G=-0.5639
    [GAN] epoch 018/20 D=0.1280 G=-0.4003
    [GAN] epoch 019/20 D=0.1139 G=-0.3074
    [GAN] epoch 020/20 D=0.1131 G=-0.3628
    [ENC] epoch 001/20 loss=0.046601
    [ENC] epoch 002/20 loss=0.030643
    [ENC] epoch 003/20 loss=0.026123
    [ENC] epoch 004/20 loss=0.024628
    [ENC] epoch 005/20 loss=0.023571
    [ENC] epoch 006/20 loss=0.023248
    [ENC] epoch 007/20 loss=0.022252
    [ENC] epoch 008/20 loss=0.021932
    [ENC] epoch 009/20 loss=0.022096
    [ENC] epoch 010/20 loss=0.021910
    [ENC] epoch 011/20 loss=0.021167
    [ENC] epoch 012/20 loss=0.021242
    [ENC] epoch 013/20 loss=0.020815
    [ENC] epoch 014/20 loss=0.020444
    [ENC] epoch 015/20 loss=0.020264
    [ENC] epoch 016/20 loss=0.020814
    [ENC] epoch 017/20 loss=0.020341
    [ENC] epoch 018/20 loss=0.020099
    [ENC] epoch 019/20 loss=0.020443
    [ENC] epoch 020/20 loss=0.019979
  [METHOD] arccosh
    [SPLIT] train=1042 | backtest=200 | backtest_anomalies=92
    [DATA] train_total=1042 | normal_used=1042 | backtest_windows=200
    [GAN] epoch 001/20 D=-7.5025 G=11.3902
    [GAN] epoch 002/20 D=-18.9643 G=20.4681
    [GAN] epoch 003/20 D=-12.3295 G=12.2777
    [GAN] epoch 004/20 D=-7.9255 G=5.2754
    [GAN] epoch 005/20 D=-4.0913 G=8.2139
    [GAN] epoch 006/20 D=-3.0050 G=5.5895
    [GAN] epoch 007/20 D=-3.0272 G=3.1797
    [GAN] epoch 008/20 D=-1.9891 G=1.9492
    [GAN] epoch 009/20 D=-1.3526 G=0.7520
    [GAN] epoch 010/20 D=-1.0296 G=1.0937
    [GAN] epoch 011/20 D=-0.5594 G=0.1666
    [GAN] epoch 012/20 D=-0.5542 G=-0.2884
    [GAN] epoch 013/20 D=-0.4640 G=0.1887
    [GAN] epoch 014/20 D=-0.5624 G=0.6814
    [GAN] epoch 015/20 D=-0.4878 G=1.3171
    [GAN] epoch 016/20 D=-0.5977 G=0.7218
    [GAN] epoch 017/20 D=-0.6948 G=0.7644
    [GAN] epoch 018/20 D=-0.7155 G=0.9087
    [GAN] epoch 019/20 D=-0.7180 G=2.0180
    [GAN] epoch 020/20 D=-0.6740 G=2.4042
    [ENC] epoch 001/20 loss=0.107527
    [ENC] epoch 002/20 loss=0.063052
    [ENC] epoch 003/20 loss=0.049794
    [ENC] epoch 004/20 loss=0.046754
    [ENC] epoch 005/20 loss=0.044635
    [ENC] epoch 006/20 loss=0.042210
    [ENC] epoch 007/20 loss=0.040593
    [ENC] epoch 008/20 loss=0.040277
    [ENC] epoch 009/20 loss=0.039278
    [ENC] epoch 010/20 loss=0.037873
    [ENC] epoch 011/20 loss=0.037076
    [ENC] epoch 012/20 loss=0.037700
    [ENC] epoch 013/20 loss=0.035910
    [ENC] epoch 014/20 loss=0.035196
    [ENC] epoch 015/20 loss=0.037649
    [ENC] epoch 016/20 loss=0.035550
    [ENC] epoch 017/20 loss=0.034881
    [ENC] epoch 018/20 loss=0.033662
    [ENC] epoch 019/20 loss=0.033613
    [ENC] epoch 020/20 loss=0.033607

---- SUMMARY [US1M_BOND_COVID200_daily] (backtest, label 0=crash, 1=not_crash) ----
     method |         acc |     prec(0) |      rec(0) |       f1(0) |      auc(0) |          TP |          FP |          TN |          FN |  fut_crash%
     cosine |       0.530 |       0.333 |       0.022 |       0.041 |       0.428 |           2 |           4 |         104 |          90 |       0.880
exponential |       0.490 |       0.000 |       0.000 |       0.000 |       0.459 |           0 |          10 |          98 |          92 |       0.000
     arctan |       0.515 |       0.000 |       0.000 |       0.000 |       0.407 |           0 |           5 |         103 |          92 |       0.810
    arccosh |       0.530 |       0.000 |       0.000 |       0.000 |       0.436 |           0 |           2 |         106 |          92 |       0.600
   ensemble |       0.510 |       0.000 |       0.000 |       0.000 |       0.416 |           0 |           6 |         102 |          92 |       0.000
[STOCK] US1M_BOND_COVID200_daily done -> D:\tadgan_gaf\f_anogan\market_crash-main\bond_1m_30y_compare_e20\hybrid\US1M_BOND_COVID200_daily\hybrid_four_gaf_report.xlsx

==================== STOCK: US30Y_BOND_COVID200_daily ====================
[STOCK] excel=D:\tadgan_gaf\f_anogan\market_crash-main\eurusd_1day\excel_hybrid_bond_1m30y\US30Y_BOND_COVID200_daily_final2.xlsx -> D:\tadgan_gaf\f_anogan\market_crash-main\bond_1m_30y_compare_e20\hybrid\US30Y_BOND_COVID200_daily
[DATA] prices=1372 | first=2015-05-06T00:00:00.000000000 | last=2020-12-14T00:00:00.000000000
  [TADGAN] preparing scores (1372 raw prices)
  [TADGAN] scores=1273 | anomaly_windows=78 | normal_windows=1195
  [FC] epoch 001/50 train=0.86450 val=0.49678
  [FC] epoch 002/50 train=0.23454 val=0.21541
  [FC] epoch 003/50 train=0.13395 val=0.21527
  [FC] epoch 004/50 train=0.06661 val=0.14704
  [FC] epoch 005/50 train=0.03759 val=0.09204
  [FC] epoch 006/50 train=0.02440 val=0.09811
  [FC] epoch 007/50 train=0.01986 val=0.07058
  [FC] epoch 008/50 train=0.01675 val=0.05758
  [FC] epoch 009/50 train=0.01490 val=0.06962
  [FC] epoch 010/50 train=0.01334 val=0.05434
  [FC] epoch 011/50 train=0.01266 val=0.05623
  [FC] epoch 012/50 train=0.01138 val=0.06513
  [FC] epoch 013/50 train=0.00981 val=0.06524
  [FC] epoch 014/50 train=0.00969 val=0.06692
  [FC] epoch 015/50 train=0.00950 val=0.06294
  [FC] epoch 016/50 train=0.00871 val=0.05829
  [FC] epoch 017/50 train=0.00841 val=0.06655
  [FC] epoch 018/50 train=0.00752 val=0.06205
  [FC] epoch 019/50 train=0.00725 val=0.06429
  [FC] epoch 020/50 train=0.00730 val=0.05048
  [FC] epoch 021/50 train=0.00774 val=0.05347
  [FC] epoch 022/50 train=0.00733 val=0.05944
  [FC] epoch 023/50 train=0.00678 val=0.05263
  [FC] epoch 024/50 train=0.00696 val=0.06091
  [FC] epoch 025/50 train=0.00646 val=0.05327
  [FC] epoch 026/50 train=0.00666 val=0.05184
  [FC] epoch 027/50 train=0.00591 val=0.04787
  [FC] epoch 028/50 train=0.00584 val=0.04753
  [FC] epoch 029/50 train=0.00566 val=0.04855
  [FC] epoch 030/50 train=0.00541 val=0.04822
  [FC] epoch 031/50 train=0.00623 val=0.04656
  [FC] epoch 032/50 train=0.00639 val=0.05770
  [FC] epoch 033/50 train=0.00545 val=0.04525
  [FC] epoch 034/50 train=0.00492 val=0.04549
  [FC] epoch 035/50 train=0.00487 val=0.04569
  [FC] epoch 036/50 train=0.00505 val=0.05370
  [FC] epoch 037/50 train=0.00594 val=0.04115
  [FC] epoch 038/50 train=0.00575 val=0.04388
  [FC] epoch 039/50 train=0.00472 val=0.04079
  [FC] epoch 040/50 train=0.00481 val=0.04404
  [FC] epoch 041/50 train=0.00451 val=0.04063
  [FC] epoch 042/50 train=0.00412 val=0.03876
  [FC] epoch 043/50 train=0.00430 val=0.03809
  [FC] epoch 044/50 train=0.00471 val=0.03935
  [FC] epoch 045/50 train=0.00421 val=0.04435
  [FC] epoch 046/50 train=0.00435 val=0.05307
  [FC] epoch 047/50 train=0.00456 val=0.03602
  [FC] epoch 048/50 train=0.00409 val=0.03968
  [FC] epoch 049/50 train=0.00435 val=0.03696
  [FC] epoch 050/50 train=0.00444 val=0.03991
  [METHOD] cosine
    [SPLIT] train=1042 | backtest=200 | backtest_anomalies=41
    [DATA] train_total=1042 | normal_used=1007 | backtest_windows=200
    [GAN] epoch 001/20 D=-12.3076 G=10.0349
    [GAN] epoch 002/20 D=-24.0996 G=17.5271
    [GAN] epoch 003/20 D=-21.3818 G=14.5325
    [GAN] epoch 004/20 D=-5.6279 G=2.1657
    [GAN] epoch 005/20 D=-1.9930 G=12.4843
    [GAN] epoch 006/20 D=-1.4910 G=11.8474
    [GAN] epoch 007/20 D=-0.6244 G=5.2273
    [GAN] epoch 008/20 D=-0.2186 G=8.7586
    [GAN] epoch 009/20 D=-0.2818 G=8.4917
    [GAN] epoch 010/20 D=-0.3674 G=10.7366
    [GAN] epoch 011/20 D=-0.4520 G=9.4276
    [GAN] epoch 012/20 D=-0.4649 G=7.2097
    [GAN] epoch 013/20 D=-0.2998 G=4.6610
    [GAN] epoch 014/20 D=-0.4127 G=4.0004
    [GAN] epoch 015/20 D=-0.4285 G=2.4259
    [GAN] epoch 016/20 D=-0.4174 G=2.7108
    [GAN] epoch 017/20 D=-0.5537 G=2.2546
    [GAN] epoch 018/20 D=-0.6523 G=0.1568
    [GAN] epoch 019/20 D=-0.6149 G=0.4603
    [GAN] epoch 020/20 D=-0.5492 G=0.7591
    [ENC] epoch 001/20 loss=0.139726
    [ENC] epoch 002/20 loss=0.091826
    [ENC] epoch 003/20 loss=0.085036
    [ENC] epoch 004/20 loss=0.076105
    [ENC] epoch 005/20 loss=0.074411
    [ENC] epoch 006/20 loss=0.071410
    [ENC] epoch 007/20 loss=0.070366
    [ENC] epoch 008/20 loss=0.068709
    [ENC] epoch 009/20 loss=0.069053
    [ENC] epoch 010/20 loss=0.067244
    [ENC] epoch 011/20 loss=0.066025
    [ENC] epoch 012/20 loss=0.065462
    [ENC] epoch 013/20 loss=0.065068
    [ENC] epoch 014/20 loss=0.064691
    [ENC] epoch 015/20 loss=0.062947
    [ENC] epoch 016/20 loss=0.062834
    [ENC] epoch 017/20 loss=0.062043
    [ENC] epoch 018/20 loss=0.063319
    [ENC] epoch 019/20 loss=0.062931
    [ENC] epoch 020/20 loss=0.062642
  [METHOD] exponential
    [SPLIT] train=1042 | backtest=200 | backtest_anomalies=41
    [DATA] train_total=1042 | normal_used=1007 | backtest_windows=200
    [GAN] epoch 001/20 D=-2.7268 G=5.6076
    [GAN] epoch 002/20 D=-11.3319 G=11.7870
    [GAN] epoch 003/20 D=-11.5571 G=8.0561
    [GAN] epoch 004/20 D=-9.4871 G=0.9961
    [GAN] epoch 005/20 D=-2.1284 G=-1.4253
    [GAN] epoch 006/20 D=-0.6776 G=-1.5258
    [GAN] epoch 007/20 D=-0.1480 G=-4.2708
    [GAN] epoch 008/20 D=-0.0473 G=-3.4261
    [GAN] epoch 009/20 D=-0.0153 G=-6.7390
    [GAN] epoch 010/20 D=0.2911 G=-10.4825
    [GAN] epoch 011/20 D=0.1149 G=-6.3079
    [GAN] epoch 012/20 D=0.2400 G=-6.7342
    [GAN] epoch 013/20 D=0.0288 G=-5.8233
    [GAN] epoch 014/20 D=-0.0856 G=-6.4308
    [GAN] epoch 015/20 D=0.0013 G=-4.4603
    [GAN] epoch 016/20 D=-0.2208 G=-5.9376
    [GAN] epoch 017/20 D=-0.2097 G=-5.2470
    [GAN] epoch 018/20 D=-0.2651 G=-6.0355
    [GAN] epoch 019/20 D=-0.4489 G=-6.4955
    [GAN] epoch 020/20 D=-0.3101 G=-5.6771
    [ENC] epoch 001/20 loss=0.181623
    [ENC] epoch 002/20 loss=0.118263
    [ENC] epoch 003/20 loss=0.083495
    [ENC] epoch 004/20 loss=0.073814
    [ENC] epoch 005/20 loss=0.061888
    [ENC] epoch 006/20 loss=0.057354
    [ENC] epoch 007/20 loss=0.055939
    [ENC] epoch 008/20 loss=0.049755
    [ENC] epoch 009/20 loss=0.066704
    [ENC] epoch 010/20 loss=0.048371
    [ENC] epoch 011/20 loss=0.043806
    [ENC] epoch 012/20 loss=0.043552
    [ENC] epoch 013/20 loss=0.044601
    [ENC] epoch 014/20 loss=0.047831
    [ENC] epoch 015/20 loss=0.041706
    [ENC] epoch 016/20 loss=0.042773
    [ENC] epoch 017/20 loss=0.042958
    [ENC] epoch 018/20 loss=0.037711
    [ENC] epoch 019/20 loss=0.037397
    [ENC] epoch 020/20 loss=0.039096
  [METHOD] arctan
    [SPLIT] train=1042 | backtest=200 | backtest_anomalies=41
    [DATA] train_total=1042 | normal_used=1007 | backtest_windows=200
    [GAN] epoch 001/20 D=-16.3626 G=4.4536
    [GAN] epoch 002/20 D=-32.4769 G=18.4234
    [GAN] epoch 003/20 D=-28.2272 G=16.0841
    [GAN] epoch 004/20 D=-20.3863 G=10.5667
    [GAN] epoch 005/20 D=-11.3897 G=3.8353
    [GAN] epoch 006/20 D=-5.1569 G=3.2298
    [GAN] epoch 007/20 D=-2.5675 G=4.3317
    [GAN] epoch 008/20 D=-1.9533 G=4.9706
    [GAN] epoch 009/20 D=-1.6557 G=3.2619
    [GAN] epoch 010/20 D=-1.2506 G=0.2232
    [GAN] epoch 011/20 D=-0.8018 G=-2.0728
    [GAN] epoch 012/20 D=-0.2158 G=-2.9922
    [GAN] epoch 013/20 D=-0.0722 G=-4.7233
    [GAN] epoch 014/20 D=0.0104 G=-3.0584
    [GAN] epoch 015/20 D=-0.0172 G=-1.2302
    [GAN] epoch 016/20 D=-0.1530 G=-0.3348
    [GAN] epoch 017/20 D=-0.0523 G=2.3670
    [GAN] epoch 018/20 D=-0.0076 G=3.8572
    [GAN] epoch 019/20 D=-0.1895 G=1.2380
    [GAN] epoch 020/20 D=-0.0110 G=4.0979
    [ENC] epoch 001/20 loss=0.039375
    [ENC] epoch 002/20 loss=0.026173
    [ENC] epoch 003/20 loss=0.023509
    [ENC] epoch 004/20 loss=0.021570
    [ENC] epoch 005/20 loss=0.021395
    [ENC] epoch 006/20 loss=0.020199
    [ENC] epoch 007/20 loss=0.019763
    [ENC] epoch 008/20 loss=0.019534
    [ENC] epoch 009/20 loss=0.019327
    [ENC] epoch 010/20 loss=0.019369
    [ENC] epoch 011/20 loss=0.018765
    [ENC] epoch 012/20 loss=0.018569
    [ENC] epoch 013/20 loss=0.018750
    [ENC] epoch 014/20 loss=0.018410
    [ENC] epoch 015/20 loss=0.018186
    [ENC] epoch 016/20 loss=0.018180
    [ENC] epoch 017/20 loss=0.017976
    [ENC] epoch 018/20 loss=0.017830
    [ENC] epoch 019/20 loss=0.017635
    [ENC] epoch 020/20 loss=0.017744
  [METHOD] arccosh
    [SPLIT] train=1042 | backtest=200 | backtest_anomalies=41
    [DATA] train_total=1042 | normal_used=1007 | backtest_windows=200
    [GAN] epoch 001/20 D=-3.6076 G=7.1680
    [GAN] epoch 002/20 D=-14.4521 G=16.4484
    [GAN] epoch 003/20 D=-9.9274 G=8.9941
    [GAN] epoch 004/20 D=-4.3529 G=7.2785
    [GAN] epoch 005/20 D=-3.8704 G=10.3443
    [GAN] epoch 006/20 D=-2.7575 G=8.2134
    [GAN] epoch 007/20 D=-1.5073 G=7.6068
    [GAN] epoch 008/20 D=-1.1745 G=7.5545
    [GAN] epoch 009/20 D=-1.1096 G=5.8486
    [GAN] epoch 010/20 D=-0.4900 G=6.9618
    [GAN] epoch 011/20 D=-0.3350 G=5.7057
    [GAN] epoch 012/20 D=-0.2776 G=5.0357
    [GAN] epoch 013/20 D=-0.3837 G=4.1053
    [GAN] epoch 014/20 D=-0.4570 G=5.4642
    [GAN] epoch 015/20 D=-0.2589 G=4.8076
    [GAN] epoch 016/20 D=-0.4684 G=4.7857
    [GAN] epoch 017/20 D=-0.5284 G=5.5498
    [GAN] epoch 018/20 D=-0.4364 G=4.5830
    [GAN] epoch 019/20 D=-0.5075 G=5.5797
    [GAN] epoch 020/20 D=-0.4073 G=4.6625
    [ENC] epoch 001/20 loss=0.108665
    [ENC] epoch 002/20 loss=0.068401
    [ENC] epoch 003/20 loss=0.065587
    [ENC] epoch 004/20 loss=0.054861
    [ENC] epoch 005/20 loss=0.049789
    [ENC] epoch 006/20 loss=0.049713
    [ENC] epoch 007/20 loss=0.049971
    [ENC] epoch 008/20 loss=0.046731
    [ENC] epoch 009/20 loss=0.044341
    [ENC] epoch 010/20 loss=0.045196
    [ENC] epoch 011/20 loss=0.044649
    [ENC] epoch 012/20 loss=0.042918
    [ENC] epoch 013/20 loss=0.041684
    [ENC] epoch 014/20 loss=0.040678
    [ENC] epoch 015/20 loss=0.041940
    [ENC] epoch 016/20 loss=0.039398
    [ENC] epoch 017/20 loss=0.040913
    [ENC] epoch 018/20 loss=0.038878
    [ENC] epoch 019/20 loss=0.037973
    [ENC] epoch 020/20 loss=0.037601

---- SUMMARY [US30Y_BOND_COVID200_daily] (backtest, label 0=crash, 1=not_crash) ----
     method |         acc |     prec(0) |      rec(0) |       f1(0) |      auc(0) |          TP |          FP |          TN |          FN |  fut_crash%
     cosine |       0.795 |       0.000 |       0.000 |       0.000 |       0.401 |           0 |           0 |         159 |          41 |       0.000
exponential |       0.800 |       1.000 |       0.024 |       0.048 |       0.464 |           1 |           0 |         159 |          40 |       0.000
     arctan |       0.795 |       0.000 |       0.000 |       0.000 |       0.480 |           0 |           0 |         159 |          41 |       0.000
    arccosh |       0.795 |       0.500 |       0.024 |       0.047 |       0.178 |           1 |           1 |         158 |          40 |       0.000
   ensemble |       0.770 |       0.273 |       0.073 |       0.115 |       0.360 |           3 |           8 |         151 |          38 |       0.075
[STOCK] US30Y_BOND_COVID200_daily done -> D:\tadgan_gaf\f_anogan\market_crash-main\bond_1m_30y_compare_e20\hybrid\US30Y_BOND_COVID200_daily\hybrid_four_gaf_report.xlsx

[ALL] summary saved -> D:\tadgan_gaf\f_anogan\market_crash-main\bond_1m_30y_compare_e20\hybrid\all_stocks_summary.csv
[ALL] done. success=2 skipped=0
[SUMMARY] wrote D:\tadgan_gaf\f_anogan\market_crash-main\bond_1m_30y_compare_e20\bond_1m_30y_cnn_fanogan_hybrid_summary_latest.xlsx

===== PERFORMANCE (F1/AUC/precision) =====
                  pipeline dataset      method  accuracy  precision  recall     f1    auc  n_test_total  n_test_crash  n_test_normal
           CNN autoencoder    US1M     arccosh    0.8350     0.0000  0.0000 0.0000    NaN           200             0            200
           CNN autoencoder    US1M      arctan    0.9100     0.0000  0.0000 0.0000    NaN           200             0            200
           CNN autoencoder    US1M      cosine    0.8600     0.0000  0.0000 0.0000    NaN           200             0            200
           CNN autoencoder    US1M exponential    0.9100     0.0000  0.0000 0.0000    NaN           200             0            200
           CNN autoencoder   US30Y     arccosh    0.8650     0.0000  0.0000 0.0000    NaN           200             0            200
           CNN autoencoder   US30Y      arctan    0.9550     0.0000  0.0000 0.0000    NaN           200             0            200
           CNN autoencoder   US30Y      cosine    0.9350     0.0000  0.0000 0.0000    NaN           200             0            200
           CNN autoencoder   US30Y exponential    0.9100     0.0000  0.0000 0.0000    NaN           200             0            200
Hybrid TadGAN-GAF-f-AnoGAN    US1M     arccosh    0.5300     0.0000  0.0000 0.0000 0.4361           200            92            108
Hybrid TadGAN-GAF-f-AnoGAN    US1M      arctan    0.5150     0.0000  0.0000 0.0000 0.4069           200            92            108
Hybrid TadGAN-GAF-f-AnoGAN    US1M      cosine    0.5300     0.3333  0.0217 0.0408 0.4283           200            92            108
Hybrid TadGAN-GAF-f-AnoGAN    US1M    ensemble    0.5100     0.0000  0.0000 0.0000 0.4156           200            92            108
Hybrid TadGAN-GAF-f-AnoGAN    US1M exponential    0.4900     0.0000  0.0000 0.0000 0.4591           200            92            108
Hybrid TadGAN-GAF-f-AnoGAN   US30Y     arccosh    0.7950     0.5000  0.0244 0.0465 0.1779           200            41            159
Hybrid TadGAN-GAF-f-AnoGAN   US30Y      arctan    0.7950     0.0000  0.0000 0.0000 0.4803           200            41            159
Hybrid TadGAN-GAF-f-AnoGAN   US30Y      cosine    0.7950     0.0000  0.0000 0.0000 0.4008           200            41            159
Hybrid TadGAN-GAF-f-AnoGAN   US30Y    ensemble    0.7700     0.2727  0.0732 0.1154 0.3596           200            41            159
Hybrid TadGAN-GAF-f-AnoGAN   US30Y exponential    0.8000     1.0000  0.0244 0.0476 0.4637           200            41            159
       f-AnoGAN standalone    US1M     arccosh    0.6200     0.0385  0.0192 0.0256 0.3321           200            52            148
       f-AnoGAN standalone    US1M      arctan    0.7300     0.4000  0.0769 0.1290 0.6914           200            52            148
       f-AnoGAN standalone    US1M      cosine    0.6750     0.2759  0.1538 0.1975 0.5300           200            52            148
       f-AnoGAN standalone    US1M exponential    0.6850     0.3226  0.1923 0.2410 0.4388           200            52            148
       f-AnoGAN standalone   US30Y     arccosh    0.7350     0.0000  0.0000 0.0000 0.3400           200            52            148
       f-AnoGAN standalone   US30Y      arctan    0.7100     0.0000  0.0000 0.0000 0.3853           200            52            148
       f-AnoGAN standalone   US30Y      cosine    0.6950     0.0000  0.0000 0.0000 0.2678           200            52            148
       f-AnoGAN standalone   US30Y exponential    0.6700     0.0000  0.0000 0.0000 0.3377           200            52            148

===== AVERAGE ACROSS US1M + US30Y =====
                  pipeline      method  accuracy_mean  precision_mean  recall_mean  f1_mean  auc_mean  n_rows
           CNN autoencoder     arccosh         0.8500          0.0000       0.0000   0.0000       NaN       2
           CNN autoencoder      arctan         0.9325          0.0000       0.0000   0.0000       NaN       2
           CNN autoencoder      cosine         0.8975          0.0000       0.0000   0.0000       NaN       2
           CNN autoencoder exponential         0.9100          0.0000       0.0000   0.0000       NaN       2
Hybrid TadGAN-GAF-f-AnoGAN exponential         0.6450          0.5000       0.0122   0.0238    0.4614       2
Hybrid TadGAN-GAF-f-AnoGAN     arccosh         0.6625          0.2500       0.0122   0.0233    0.3070       2
Hybrid TadGAN-GAF-f-AnoGAN      cosine         0.6625          0.1667       0.0109   0.0204    0.4146       2
Hybrid TadGAN-GAF-f-AnoGAN      arctan         0.6550          0.0000       0.0000   0.0000    0.4436       2
       f-AnoGAN standalone exponential         0.6775          0.1613       0.0962   0.1205    0.3883       2
       f-AnoGAN standalone      cosine         0.6850          0.1379       0.0769   0.0988    0.3989       2
       f-AnoGAN standalone      arctan         0.7200          0.2000       0.0385   0.0645    0.5383       2
       f-AnoGAN standalone     arccosh         0.6775          0.0192       0.0096   0.0128    0.3361       2

===== DM TEST (ranked anomaly score Brier loss; positive DM = exponential better) =====
                  pipeline dataset             comparison  baseline_rank_brier_loss  exponential_rank_brier_loss  loss_diff_baseline_minus_exp  dm_stat_positive_exp_better  p_one_sided_exp_better  exp_lower_loss  significant_5pct
           CNN autoencoder    US1M exponential vs arccosh                    0.3325                       0.3325                       -0.0000                      -0.0000                  0.5000           False             False
           CNN autoencoder    US1M  exponential vs arctan                    0.3325                       0.3325                        0.0000                      -0.0000                  0.5000           False             False
           CNN autoencoder    US1M  exponential vs cosine                    0.3325                       0.3325                       -0.0000                      -0.0000                  0.5000           False             False
           CNN autoencoder   US30Y exponential vs arccosh                    0.3325                       0.3325                       -0.0000                       0.0000                  0.5000           False             False
           CNN autoencoder   US30Y  exponential vs arctan                    0.3325                       0.3325                       -0.0000                      -0.0000                  0.5000           False             False
           CNN autoencoder   US30Y  exponential vs cosine                    0.3325                       0.3325                       -0.0000                       0.0000                  0.5000           False             False
Hybrid TadGAN-GAF-f-AnoGAN    US1M exponential vs arccosh                    0.3641                       0.3527                        0.0114                       0.8309                  0.2030            True             False
Hybrid TadGAN-GAF-f-AnoGAN    US1M  exponential vs arctan                    0.3785                       0.3527                        0.0258                       1.8154                  0.0347            True              True
Hybrid TadGAN-GAF-f-AnoGAN    US1M  exponential vs cosine                    0.3679                       0.3527                        0.0152                       1.1722                  0.1206            True             False
Hybrid TadGAN-GAF-f-AnoGAN   US30Y exponential vs arccosh                    0.4370                       0.3443                        0.0927                       3.9177                  0.0000            True              True
Hybrid TadGAN-GAF-f-AnoGAN   US30Y  exponential vs arctan                    0.3389                       0.3443                       -0.0054                      -0.3662                  0.6429           False             False
Hybrid TadGAN-GAF-f-AnoGAN   US30Y  exponential vs cosine                    0.3647                       0.3443                        0.0204                       1.4084                  0.0795            True             False
       f-AnoGAN standalone    US1M exponential vs arccosh                    0.3968                       0.3559                        0.0408                       2.6373                  0.0042            True              True
       f-AnoGAN standalone    US1M  exponential vs arctan                    0.2592                       0.3559                       -0.0967                      -6.6213                  1.0000           False             False
       f-AnoGAN standalone    US1M  exponential vs cosine                    0.3210                       0.3559                       -0.0349                      -2.5476                  0.9946           False             False
       f-AnoGAN standalone   US30Y exponential vs arccosh                    0.3937                       0.3946                       -0.0009                      -0.0541                  0.5216           False             False
       f-AnoGAN standalone   US30Y  exponential vs arctan                    0.3764                       0.3946                       -0.0182                      -1.2360                  0.8918           False             False
       f-AnoGAN standalone   US30Y  exponential vs cosine                    0.4214                       0.3946                        0.0268                       1.8470                  0.0324            True              True

===== DOES EXPONENTIAL OUTPERFORM? =====
                  pipeline dataset  exp_f1 best_f1_method  best_f1  exp_auc best_auc_method  best_auc  dm_lower_loss_wins_vs_3  dm_significant_5pct_wins_vs_3              outperform_summary
           CNN autoencoder    US1M  0.0000    exponential   0.0000      NaN     exponential       NaN                        0                              0 mixed; exponential not dominant
           CNN autoencoder   US30Y  0.0000         arctan   0.0000      NaN          arctan       NaN                        0                              0 mixed; exponential not dominant
Hybrid TadGAN-GAF-f-AnoGAN    US1M  0.0000         cosine   0.0408   0.4591     exponential    0.4591                        3                              1 mixed; exponential not dominant
Hybrid TadGAN-GAF-f-AnoGAN   US30Y  0.0476    exponential   0.0476   0.4637          arctan    0.4803                        2                              1  exponential leads by F1 and DM
       f-AnoGAN standalone    US1M  0.2410    exponential   0.2410   0.4388          arctan    0.6914                        1                              1 mixed; exponential not dominant
       f-AnoGAN standalone   US30Y  0.0000         arctan   0.0000   0.3377          arctan    0.3853                        1                              1 mixed; exponential not dominant
[DONE] elapsed_min=28.89
